<html>
<body>
<pre>
<h1>µVision Build Log</h1>
<h2>Tool Versions:</h2>
IDE-Version: ¦ÌVision V5.14.0.0
Copyright (C) 2015 ARM Ltd and ARM Germany GmbH. All rights reserved.
License Information:  ,  , LIC=S5IVE-5WUMN-MSFYP-MBT77-NC0L9-UZJGN
 
Tool Versions:
Toolchain:       MDK-ARM Professional  Version: 5.14.0.0
Toolchain Path:  C:\App\keil5MDK\ARM\ARMCC\Bin
C Compiler:      Armcc.exe V5.05 update 1 (build 106)
Assembler:       Armasm.exe V5.05 update 1 (build 106)
Linker/Locator:  ArmLink.exe V5.05 update 1 (build 106)
Library Manager: ArmAr.exe V5.05 update 1 (build 106)
Hex Converter:   FromElf.exe V5.05 update 1 (build 106)
CPU DLL:         SARMCM3.DLL V5.14.0.0
Dialog DLL:      DCM.DLL V1.13.1.0
Target DLL:      CMSIS_AGDI.dll V1.21.0.0
Dialog DLL:      TCM.DLL V1.14.4.0
 
<h2>Project:</h2>
c:\Project\STM32»úÐµ±Û\Project\STM32»úÐµ±Û.uvprojx
Project File Date:  03/13/2023

<h2>Output:</h2>
Build target 'STCF103C8T6'
compiling main.c...
compiling bsp_ad.c...
linking...
Program Size: Code=1344 RO-data=252 RW-data=0 ZI-data=1632  
FromELF: creating hex file...
"..\Output\STM32»úÐµ±Û.axf" - 0 Error(s), 0 Warning(s).

<h2>Collection of Component include folders:</h2>
  c:\Project\STM32»úÐµ±Û\Project\RTE
  C:\App\keil5MDK\Pack\Keil\STM32F1xx_DFP\1.1.0\Device\Include

<h2>Collection of Component Files used:</h2>
</pre>
</body>
</html>
